// Jest Snapshot v1, https://goo.gl/fbAQLP

exports[`it should select translated drop down source 1`] = `
Array [
  Object {
    "label": "Pink",
    "value": "Pink",
  },
  Object {
    "label": "Indigo",
    "value": "Indigo",
  },
  Object {
    "label": "Light blue",
    "value": "Light blue",
  },
  Object {
    "label": "Blue Grey",
    "value": "Blue Grey",
  },
]
`;
