// Jest Snapshot v1, https://goo.gl/fbAQLP

exports[`it should returns start action 1`] = `
Object {
  "id": 4,
  "playerNames": Object {
    "0": "John",
    "1": "Mary",
    "2": "Henry",
    "3": "Joe",
  },
  "rounds": 13,
  "startTime": 1970-01-01T00:00:00.000Z,
  "startingRound": 1,
  "type": "CURRENT_GAME/START",
}
`;
