// Jest Snapshot v1, https://goo.gl/fbAQLP

exports[`Production of default basic state after start 1`] = `
Object {
  "bid": Object {
    "0": 0,
    "1": 0,
    "2": 0,
    "3": 0,
  },
  "currentPlayerOrder": Array [
    "0",
    "1",
    "2",
    "3",
  ],
  "currentRound": 1,
  "names": Object {
    "0": "John",
    "1": "Mary",
    "2": "Henry",
    "3": "Joe",
  },
  "rounds": 13,
  "scores": Object {
    "0": Array [],
    "1": Array [],
    "2": Array [],
    "3": Array [],
  },
  "stage": "waitingBid",
  "startTime": 1970-01-01T00:00:00.000Z,
}
`;

exports[`Start on second round should work 1`] = `
Object {
  "bid": Object {
    "4": 0,
    "5": 0,
    "6": 0,
    "7": 0,
  },
  "currentPlayerOrder": Array [
    "5",
    "6",
    "7",
    "4",
  ],
  "currentRound": 2,
  "names": Object {
    "4": "John",
    "5": "Mary",
    "6": "Henry",
    "7": "Joe",
  },
  "rounds": 13,
  "scores": Object {
    "4": Array [
      0,
    ],
    "5": Array [
      0,
    ],
    "6": Array [
      0,
    ],
    "7": Array [
      0,
    ],
  },
  "stage": "waitingBid",
  "startTime": 1970-01-01T00:00:00.000Z,
}
`;
